MACRO ASSEMBLER W_COMPT_RT                                  11/15/18 12:01:48 PAGE     1


WIN32 MACRO ASSEMBLER MA51 V06.04.19OBJECT MODULE PLACED IN C:\USERS\DUBOC_AU\DESKTOP\TP2\W_COMPT_RT.OBJ
ASSEMBLER INVOKED BY: MA51.EXE C:\USERS\DUBOC_AU\DESKTOP\TP2\W_COMPT_RT.A51 OJ(C:\USERS\DUBOC_AU\DESKTOP\TP2\W_COMPT_RT.OBJ) PIN(C:\RIDE\INC;C:\RIDE\INC\51) PIN(C:\RIDE\INC\51\) EP LINES SYNTAX(ASM51) MOD51 PR(C:\USERS\DUBOC_AU\DESKTOP\TP2\W_COMPT_RT.LST) XR DB PW(80) RB(0) 

LOC     OBJ           LINE    SOURCE
                         1      ;En-tête
                         2     
                         3     ;Déclaration des  variables 
  007F                   4     W1_L 		DATA 		7FH			
  007E                   5     W1_H		DATA		7EH
  007D                   6     W2_L 		DATA		7DH			
  007C                   7     W2_H		DATA		7CH
  00B7                   8     RES		BIT		P3.7	
                         9     	
                        10     
                        11     ;Table des vecteurs
  0000                  12     			ORG		0000H
0000    802E            13     			SJMP		DEBUT
  0030                  14     			ORG		0030H
                        15     			
                        16     
                        17     DEBUT: 	
0030    A87E            18     			MOV		R0,W1_H
0032    A97C            19     			MOV		R1,W2_H
0034    120044          20     			LCALL		ROUTINE
0037    7007            21     SI:   		JNZ		FSI
0039    A87F            22     			MOV		R0,W1_L
003B    A97D            23     			MOV		R1,W2_L
003D    120044          24     			LCALL		ROUTINE	
                        25     FSI: 
0040    92D5            26     			MOV		F0,C
                        27     			
0042    80EC            28     FIN: 		SJMP		DEBUT
                        29     			 	
                        30     ROUTINE: 			
0044    E8              31     			MOV		A,R0
0045    C3              32     			CLR		C
0046    99              33     			SUBB 		A,R1
0047    22              34     			RET
                        35     
                        36     			END
MACRO ASSEMBLER W_COMPT_RT                                  11/15/18 12:01:48 PAGE     0


SYMBOL TABLE LISTING
------ ----- -------


N A M E             T Y P E  V A L U E   ATTRIBUTES             REFERENCES

FSI. . . . . . . .  C ADDR   0040H   A                          21 25# 
P3 . . . . . . . .  D ADDR   00B0H   A                          8 
ROUTINE. . . . . .  C ADDR   0044H   A                          20 24 30# 
RES. . . . . . . .  B ADDR   00B0H.7 A                          8# 
W1_H . . . . . . .  D ADDR   007EH   A                          5# 18 
W2_H . . . . . . .  D ADDR   007CH   A                          7# 19 
W1_L . . . . . . .  D ADDR   007FH   A                          4# 22 
DEBUT. . . . . . .  C ADDR   0030H   A                          13 17# 28 
W2_L . . . . . . .  D ADDR   007DH   A                          6# 23 
F0 . . . . . . . .  B ADDR   00D0H.5 A                          26 
SI . . . . . . . .  C ADDR   0037H   A                          21# 
FIN. . . . . . . .  C ADDR   0042H   A                          28# 



MODULE INFORMATION:   STATIC OVERLAYABLE
   CODE SIZE        =     26    ----
   XDATA SIZE       =   ----    ----
   DATA SIZE        =   ----    ----
   IDATA SIZE       =   ----    ----
   BIT SIZE         =   ----    ----
END OF MODULE INFORMATION.


REGISTER BANK(S) USED : 0 

ASSEMBLY COMPLETE.   0 WARNING(S)   0 ERROR(S)
