MACRO ASSEMBLER W_COMP                                      11/15/18 11:41:50 PAGE     1


WIN32 MACRO ASSEMBLER MA51 V06.04.19OBJECT MODULE PLACED IN C:\USERS\DUBOC_AU\DESKTOP\TP2\W_COMP.OBJ
ASSEMBLER INVOKED BY: MA51.EXE C:\USERS\DUBOC_AU\DESKTOP\TP2\W_COMP.A51 OJ(C:\USERS\DUBOC_AU\DESKTOP\TP2\W_COMP.OBJ) PIN(C:\RIDE\INC;C:\RIDE\INC\51) PIN(C:\RIDE\INC\51\) EP LINES SYNTAX(ASM51) MOD51 PR(C:\USERS\DUBOC_AU\DESKTOP\TP2\W_COMP.LST) XR DB PW(80) RB(0) 

LOC     OBJ           LINE    SOURCE
                         1     ;En-tête
                         2     
                         3     ;Déclaration des  variables 
  007F                   4     W1_L 		DATA 		7FH			
  007E                   5     W1_H		DATA		7EH
  007D                   6     W2_L 		DATA		7DH			
  007C                   7     W2_H		DATA		7CH
  00B7                   8     RES		BIT		P3.7	
                         9     	
                        10     
                        11     ;Table des vecteurs
  0000                  12     			ORG		0000H
0000    8000     F      13     			SJMP		DEBUT
  0030                  14     			ORG		0030H
                        15     			
                        16     DEBUT: 	
0030    E57E            17     			MOV		A,W1_H
0032    C3              18     			CLR		C
0033    957C            19     			SUBB 		A,W2_H
0035    92B7            20     			MOV 		RES,C
                        21     SI: 
                        22     
                        23        		JNZ		A,FINSINON

*** ERROR #23 IN LINE 23 OF w_comp.a51 : EXPRESSION TYPE DOES NOT MATCH INSTRUCTION
                        24     FSI:    				
                        25     SINON: 
0037    E57F            26     			MOV 		A,W1_L
0039    C3              27     			CLR		C
003A    957D            28     			SUBB		A,W2_L
003C    92B7            29     			MOV		RES,C
                        30     FINSINON: 
                        31     			
003E    8000     F      32     FIN: 		SJMP		DEBUT
                        33     			END
MACRO ASSEMBLER W_COMP                                      11/15/18 11:41:50 PAGE     0


SYMBOL TABLE LISTING
------ ----- -------


N A M E             T Y P E  V A L U E   ATTRIBUTES             REFERENCES

FSI. . . . . . . .  C ADDR   0037H   A                          24# 
P3 . . . . . . . .  D ADDR   00B0H   A                          8 
FINSINON . . . . .  C ADDR   003EH   A                          23 30# 
SINON. . . . . . .  C ADDR   0037H   A                          25# 
RES. . . . . . . .  B ADDR   00B0H.7 A                          8# 20 29 
W1_H . . . . . . .  D ADDR   007EH   A                          5# 17 
W2_H . . . . . . .  D ADDR   007CH   A                          7# 19 
W1_L . . . . . . .  D ADDR   007FH   A                          4# 26 
DEBUT. . . . . . .  C ADDR   0030H   A                          13 16# 32 
W2_L . . . . . . .  D ADDR   007DH   A                          6# 28 
SI . . . . . . . .  C ADDR   0037H   A                          21# 
FIN. . . . . . . .  C ADDR   003EH   A                          32# 



MODULE INFORMATION:   STATIC OVERLAYABLE
   CODE SIZE        =     18    ----
   XDATA SIZE       =   ----    ----
   DATA SIZE        =   ----    ----
   IDATA SIZE       =   ----    ----
   BIT SIZE         =   ----    ----
END OF MODULE INFORMATION.


REGISTER BANK(S) USED : 0 

ASSEMBLY COMPLETE.   0 WARNING(S)   1 ERROR(S)
