MACRO ASSEMBLER W_COMP_RT2                                  11/19/18 11:34:23 PAGE     1


WIN32 MACRO ASSEMBLER MA51 V06.04.19OBJECT MODULE PLACED IN C:\USERS\DUBOC_AU\DESKTOP\TP2\W_COMP_RT2.OBJ
ASSEMBLER INVOKED BY: MA51.EXE C:\USERS\DUBOC_AU\DESKTOP\TP2\W_COMP_RT2.A51 OJ(C:\USERS\DUBOC_AU\DESKTOP\TP2\W_COMP_RT2.OBJ) PIN(C:\RIDE\INC;C:\RIDE\INC\51) PIN(C:\RIDE\INC\51\) EP LINES SYNTAX(ASM51) MOD51 PR(C:\USERS\DUBOC_AU\DESKTOP\TP2\W_COMP_RT2.LST) XR DB PW(80) RB(0) 

LOC     OBJ           LINE    SOURCE
                         1     ;En-tête
                         2     
                         3     ;Déclaration des  variables 
  007F                   4     W1_L 		DATA 		7FH			
  007E                   5     W1_H		DATA		7EH
  007D                   6     W2_L 		DATA		7DH			
  007C                   7     W2_H		DATA		7CH
  00B7                   8     RES		BIT		P3.7	
                         9     	
                        10     
                        11     ;Table des vecteurs
  0000                  12     			ORG		0000H
0000    802E            13     			SJMP		DEBUT
  0030                  14     			ORG		0030H
                        15     			
                        16     DEBUT: 	
0030    787E            17     			MOV 		R0,#W1_H
0032    797C            18     			MOV 		R1,#W2_H
0034    12003D          19     			LCALL		COMP
0037    A2D5            20     			MOV 		C,F0
0039    92B7            21     			MOV		RES,C
                        22     
003B    80F3            23     FIN: 		SJMP		DEBUT
                        24     
                        25     ;--------------------------------------------
                        26     COMP: 		
003D    E6              27     			MOV		A,@R0
003E    C3              28     			CLR		C
003F    97              29     			SUBB 		A,@R1
0040    7005            30     SI:   		JNZ		FSI
0042    08              31     			INC		R0
0043    09              32     			INC 		R1
0044    E6              33     			MOV 		A,@R0
0045    C3              34     			CLR		C
0046    97              35     			SUBB		A,@R1
                        36     FSI: 
                        37     
0047    22              38     			RET
                        39     
                        40     			END
MACRO ASSEMBLER W_COMP_RT2                                  11/19/18 11:34:23 PAGE     0


SYMBOL TABLE LISTING
------ ----- -------


N A M E             T Y P E  V A L U E   ATTRIBUTES             REFERENCES

FSI. . . . . . . .  C ADDR   0047H   A                          30 36# 
P3 . . . . . . . .  D ADDR   00B0H   A                          8 
RES. . . . . . . .  B ADDR   00B0H.7 A                          8# 21 
COMP . . . . . . .  C ADDR   003DH   A                          19 26# 
W1_H . . . . . . .  D ADDR   007EH   A                          5# 17 
W2_H . . . . . . .  D ADDR   007CH   A                          7# 18 
W1_L . . . . . . .  D ADDR   007FH   A                          4# 
DEBUT. . . . . . .  C ADDR   0030H   A                          13 16# 23 
W2_L . . . . . . .  D ADDR   007DH   A                          6# 
F0 . . . . . . . .  B ADDR   00D0H.5 A                          20 
SI . . . . . . . .  C ADDR   0040H   A                          30# 
FIN. . . . . . . .  C ADDR   003BH   A                          23# 



MODULE INFORMATION:   STATIC OVERLAYABLE
   CODE SIZE        =     26    ----
   XDATA SIZE       =   ----    ----
   DATA SIZE        =   ----    ----
   IDATA SIZE       =   ----    ----
   BIT SIZE         =   ----    ----
END OF MODULE INFORMATION.


REGISTER BANK(S) USED : 0 

ASSEMBLY COMPLETE.   0 WARNING(S)   0 ERROR(S)
